ABILITYCATEGORY:Weapon Proficiency	VISIBLE:QUALIFY	EDITABLE:YES	EDITPOOL:YES	FRACTIONALPOOL:NO	CATEGORY:Special Ability	TYPE:WeaponProficiency	PLURAL:Weapon Proficiencies	DISPLAYLOCATION:Feats
ABILITYCATEGORY:Weapon Group Focus	DISPLAYNAME:Weapon Focus	VISIBLE:QUALIFY	EDITABLE:YES	EDITPOOL:YES	FRACTIONALPOOL:NO	CATEGORY:Special Ability	TYPE:WeaponFocus	DISPLAYLOCATION:Feats
ABILITYCATEGORY:Weapon Group Specialization	DISPLAYNAME:Weapon Specialization	VISIBLE:QUALIFY	EDITABLE:YES	EDITPOOL:YES	FRACTIONALPOOL:NO	CATEGORY:Special Ability	TYPE:WeaponSpecialization	DISPLAYLOCATION:Feats
ABILITYCATEGORY:Greater Weapon Group Focus	DISPLAYNAME:Greater Weapon Focus	VISIBLE:QUALIFY	EDITABLE:YES	EDITPOOL:YES	FRACTIONALPOOL:NO	CATEGORY:Special Ability	TYPE:GreaterWeaponFocus	DISPLAYLOCATION:Feats
ABILITYCATEGORY:Greater Weapon Group Specialization	DISPLAYNAME:Greater Weapon Specialization	VISIBLE:QUALIFY	EDITABLE:YES	EDITPOOL:YES	FRACTIONALPOOL:NO	CATEGORY:Special Ability	TYPE:GreaterWeaponSpecialization	DISPLAYLOCATION:Feats
ABILITYCATEGORY:Improved Critical Group	DISPLAYNAME:Improved Critical	VISIBLE:QUALIFY	EDITABLE:YES	EDITPOOL:YES	FRACTIONALPOOL:NO	CATEGORY:Special Ability	TYPE:ImprovedCritical	DISPLAYLOCATION:Feats
