SOURCELONG:The Elephant in the Room - Feat Taxes in Pathfinder	SOURCESHORT:EITR	SOURCEWEB:https://mammothisland.itch.io/elephant	SOURCEDATE:2021-04

CATEGORY=Internal|CMB.MOD	DEFINE:CMB_Hamstring|0	DEFINE:CMD_Hamstring|0	BONUS:VAR|CMB_Hamstring|CMB	BONUS:VAR|CMD_Hamstring|CMD

Agile Combatant	CATEGORY:FEAT	TYPE:Combat	DESC:You learned to use your quickness in place of brute force when performing combat maneuvers.	BONUS:VAR|CMB_STAT|DEX-STR|PRESIZEGT:T	SOURCEPAGE:p.4	BENEFIT:You add your Dexterity bonus to your base attack bonus and size bonus when determining your Combat Maneuver Bonus (see Combat) instead of your Strength bonus.

Deft Maneuvers	CATEGORY:FEAT	TYPE:Combat	PREMULT:1,[PREVARGTEQ:PreStatScore_DEX,13],[PREVARGTEQ:CombatFeatDexRequirement,13]	DESC:You are skilled in a variety of dextrous combat maneuvers.	BONUS:VAR|CMB_Disarm,CMD_Disarm,CMB_Trip,CMD_Trip,CMB_Feint,CMD_Feint,CMB_Steal,CMD_Steal,CMB_DirtyTrick,CMD_DirtyTrick,CMB_Reposition,CMD_Reposition|2	SOURCEPAGE:p.14	BENEFIT:You do not provoke an attack of opportunity when performing a trip, disarm, dirty trick, feint, reposition, or steal combat maneuver. In addition, you receive a +2 bonus on checks with trip, disarm, dirty trick, feint, reposition, and steal combat maneuvers, and you can make a Bluff check to feint in combat as a move action. You also receive a +2 bonus to your Combat Maneuver Defense whenever an opponent tries to trip, disarm, dirty trick, feint, reposition, or steal from you.

Greater Hamstring	CATEGORY:FEAT	TYPE:Combat	PREABILITY:1,CATEGORY=FEAT,Powerful Maneuvers	PREVARGTEQ:PreStatScore_STR,13	PRETOTALAB:6	DESC:You can stop enemies in their tracks.	BONUS:VAR|CMB_Hamstring|2	SOURCEPAGE:p.17	BENEFIT:You receive a +2 bonus on checks made to hamstring a foe. This bonus stacks with the bonus granted by Powerful Maneuvers. When you successfully hamstring an opponent using an attack of opportunity, that opponent cannot move for the rest of his turn.

Iron Guard	CATEGORY:FEAT	TYPE:Combat	PREABILITY:1,CATEGORY=FEAT,Shield Focus	PRETOTALAB:6	DESC:You are skilled at shielding yourself from flames and magical effects	SOURCEPAGE:p.20	BENEFIT:You gain the benefits of the rogue’s evasion class ability as long as you have a heavy shield or tower shield in one hand. Unlike evasion, you do not need to be wearing light or medium armor to benefit from this effect.

Powerful Maneuvers	CATEGORY:FEAT	TYPE:Combat	PRETOTALAB:1	PREVARGTEQ:PreStatScore_STR,13	DESC:You are skilled in a variety of strength-focused combat maneuvers.	BONUS:VAR|CMB_Overrun,CMD_Overrun,CMB_Sunder,CMD_Sunder,CMB_BullRush,CMD_BullRush,CMB_Hamstring,CMD_Hamstring,CMB_Drag,CMD_Drag|2	SOURCEPAGE:p.23	BENEFIT:You do not provoke an attack of opportunity when performing a bull rush, drag, hamstring, overrun, or sunder combat maneuver. In addition, you receive a +2 bonus on checks with these combat maneuvers. You also receive a +2 bonus to your Combat Maneuver Defense whenever an opponent tries to bull rush, drag, hamstring, or overrun you or sunder your gear. Targets of your overrun attempts may not choose to avoid you.

Powerful Stride	CATEGORY:FEAT	TYPE:Combat	PREABILITY:1,CATEGORY=FEAT,Nimble Moves	PREVARGTEQ:PreStatScore_DEX,13	PREVARGTEQ:PreStatScore_STR,15	DESC:Your movements on the battlefield are swift and steady	SOURCEPAGE:p.24	BENEFIT:Once per day, you can take a 10-foot step in place of a 5-foot step. This movement must be made in a straight line. If you have the Step Up feat, you may still take a 5-foot step during your next turn after benefiting from its effects. In addition, any movement you make using Step Up does not subtract any distance from your movement during your next turn.

Savage Charge	CATEGORY:FEAT	TYPE:Combat	PREABILITY:2,CATEGORY=FEAT,Spring Attack,Vital Strike	PREVARGTEQ:PreStatScore_STR,15	PRETOTALAB:8	DESC:You fearlessly dive into battle, bringing the full weight of your weapon down on your opponent.	SOURCEPAGE:p.25	BENEFIT:You can Vital Strike as part of a charge action or Spring Attack.

Unarmed Combatant	CATEGORY:FEAT	TYPE:Combat.AttackOption	PREMULT:1,[PREVARGTEQ:PreStatScore_DEX,13],[PREVARGTEQ:CombatFeatDexRequirement,13]	DESC:You are skilled at grappling and fighting while unarmed.	BONUS:VAR|CMB_Grapple,CMD_Grapple|2	SOURCEPAGE:p.29	BENEFIT:: You are considered to be armed even when unarmed - you do not provoke attacks of opportunity when you attack foes while unarmed. Your unarmed strikes now deal 1d6 damage if you are medium sized or 1d4 damage if you are small sized, and you can deal lethal or nonlethal damage, at your choice. You do not provoke an attack of opportunity when performing a grapple combat maneuver. In addition, you receive a +2 bonus on checks made to grapple a foe. You also receive a +2 bonus to your Combat Maneuver Defense whenever an opponent tries to grapple you.

Scorpion Stance	CATEGORY:FEAT	TYPE:Combat	PREMULT:1,[PREABILITY:2,CATEGORY=FEAT,Unarmed Combatant,Deft Maneuvers],[PREABILITY:2,CATEGORY=FEAT,Unarmed Combatant,Powerful Maneuvers]	DESC:You are skilled at incapacitating larger opponents.	SOURCEPAGE:p.25	BENEFIT:You can bull rush, hamstring, overrun, or trip an opponent who is up to two size categories larger than you. You are treated as one size category larger while grappling. By spending 1 point from his ki pool, a monk can bull rush, hamstring, overrun, or trip an opponent who is up to three size categories larger than him and is treated as two size categories larger while grappling. This effect lasts for a number of rounds equal to his Wisdom modifier.

Whirling Cleave	CATEGORY:FEAT	TYPE:Combat	PREABILITY:2,CATEGORY=FEAT,Cleave,Great Cleave	PREVARGTEQ:PreStatScore_STR,13	PRETOTALAB:6	DESC:You become a whirlwind of steel on the battlefield.	SOURCEPAGE:p.29	BENEFIT:You can take a single 5-foot step during a Cleave or Great Cleave, as long as it brings you within reach of another foe of which you are able to make an additional attack against. This 5-foot step is a free action and does not subtract from your normal movement for the round.

# Mobility is part of Dodge now
CATEGORY=FEAT|Dodge.MOD	DESC:Your training and reflexes allow you to react swiftly to avoid an opponent’s attacks.	ABILITY:Internal|AUTOMATIC|Aspect Combat Bonus ~ Mobility	SOURCEPAGE:p.14	BENEFIT:You gain a +1 dodge bonus to your AC. This bonus increases to +5 against attacks of opportunity caused when you move out of or within a threatened tile. A condition that makes you lose your Dex bonus to AC also makes you lose the benefits of this feat.

# MODs because of Power Attack
CATEGORY=FEAT|Cleave.MOD	PRE:.CLEAR	PRETOTALAB:1	PREVARGTEQ:PreStatScore_STR,13	SOURCEPAGE:p.12
CATEGORY=FEAT|Great Cleave.MOD	PRE:.CLEAR	PREABILITY:1,CATEGORY=FEAT,Cleave	PRETOTALAB:4	PREVARGTEQ:PreStatScore_STR,13	SOURCEPAGE:p.16
# MODs because of Improved xxx is gone
CATEGORY=FEAT|Greater Bull Rush.MOD	PRE:.CLEAR	PREABILITY:1,CATEGORY=FEAT,Powerful Maneuvers	PRETOTALAB:6	PREVARGTEQ:PreStatScore_STR,13	SOURCEPAGE:p.17	BENEFIT:You receive a +2 bonus on checks made to bull rush a foe. This bonus stacks with the bonus granted by Powerful Maneuvers. Whenever you bull rush an opponent, his movement provokes attacks of opportunity from all of your allies (but not you).
CATEGORY=FEAT|Greater Disarm.MOD	PRE:.CLEAR	PREABILITY:1,CATEGORY=FEAT,Deft Maneuvers	PREMULT:1,[PREVARGTEQ:PreStatScore_DEX,13],[PREVARGTEQ:CombatFeatDexRequirement,13]	PRETOTALAB:6	SOURCEPAGE:p.17	BENEFIT:You receive a +2 bonus on combat maneuver checks made to disarm a foe. This bonus stacks with the bonus granted by Deft Maneuvers. Whenever you successfully disarm an opponent, the weapon lands 15 feet away from its previous wielder, in a random direction.
CATEGORY=FEAT|Greater Feint.MOD	PRE:.CLEAR	PREABILITY:1,CATEGORY=FEAT,Deft Maneuvers	PREMULT:1,[PREVARGTEQ:PreStatScore_DEX,13],[PREVARGTEQ:CombatFeatDexRequirement,13]	PRETOTALAB:6	SOURCEPAGE:p.17
CATEGORY=FEAT|Greater Grapple.MOD	PRE:.CLEAR	PREABILITY:1,CATEGORY=FEAT,Unarmed Combatant	PREMULT:1,[PREVARGTEQ:PreStatScore_DEX,13],[PREVARGTEQ:FeatDexRequirement,13]	PRETOTALAB:6	SOURCEPAGE:p.17	BENEFIT:You receive a +2 bonus on checks made to grapple a foe. This bonus stacks with the bonus granted by Unarmed Combatant. Once you have grappled a creature, maintaining the grapple is a move action. This feat allows you to make two grapple checks each round (to move, harm, or pin your opponent), but you are not required to make two checks. You only need to succeed at one of these checks to maintain the grapple.
CATEGORY=FEAT|Greater Overrun.MOD	PRE:.CLEAR	PREABILITY:1,CATEGORY=FEAT,Powerful Maneuvers	PRETOTALAB:6	PREVARGTEQ:PreStatScore_STR,13	SOURCEPAGE:p.17	BENEFIT:You receive a +2 bonus on checks made to overrun a foe. This bonus stacks with the bonus granted by Powerful Maneuvers. Whenever you overrun opponents, they provoke attacks of opportunity if they are knocked prone by your overrun.
CATEGORY=FEAT|Greater Sunder.MOD	PRE:.CLEAR	PREABILITY:1,CATEGORY=FEAT,Powerful Maneuvers	PRETOTALAB:6	PREVARGTEQ:PreStatScore_STR,13	SOURCEPAGE:p.18	BENEFIT:You receive a +2 bonus on checks made to sunder an item. This bonus stacks with the bonus granted by Powerful Maneuvers. Whenever you sunder to destroy a weapon, shield, or suit of armor, any excess damage is applied to the item's wielder. No damage is transferred if you decide to leave the item with 1 hit point.
CATEGORY=FEAT|Greater Trip.MOD	PRE:.CLEAR	PREABILITY:1,CATEGORY=FEAT,Deft Maneuvers	PREMULT:1,[PREVARGTEQ:PreStatScore_DEX,13],[PREVARGTEQ:CombatFeatDexRequirement,13]	PRETOTALAB:6	SOURCEPAGE:p.18
CATEGORY=FEAT|Greater Two-Weapon Fighting.MOD	PRE:.CLEAR	PREABILITY:1,CATEGORY=FEAT,Two-Weapon Fighting	PREMULT:1,[PREVARGTEQ:PreStatScore_DEX,15],[PREVARGTEQ:FeatDexRequirement,15]	PRETOTALAB:6	DESC:You are skilled at fighting with two weapons.	SOURCEPAGE:p.18	BENEFIT: In addition to the standard single extra attack you get with an off-hand weapon, you get a second attack with it, albeit at a -5 penalty. When your base attack bonus reaches +11, you also gain a third attack with your off-hand weapon, albeit at a -10 penalty.

# Dodge
CATEGORY=FEAT|Spring Attack.MOD	PRE:.CLEAR	PREABILITY:1,CATEGORY=FEAT,Dodge	PREMULT:1,[PREVARGTEQ:PreStatScore_DEX,13],[PREVARGTEQ:FeatDexRequirement,13]	PRETOTALAB:4	SOURCEPAGE:p.27
CATEGORY=FEAT|Whirlwind Attack.MOD	PRE:.CLEAR	PREABILITY:2,CATEGORY=FEAT,Combat Reflexes,Dodge	PREMULT:1,[PREVARGTEQ:PreStatScore_DEX,13],[PREVARGTEQ:FeatDexRequirement,13]	PRETOTALAB:4	SOURCEPAGE:p.30

# Switch Precise Shot and Point-Blank Shot
CATEGORY=FEAT|Precise Shot.MOD	PRE:.CLEAR
CATEGORY=FEAT|Point-Blank Shot.MOD	PREABILITY:1,CATEGORY=FEAT,Precise Shot
CATEGORY=FEAT|Shot on the Run.MOD	PRE:.CLEAR	PREABILITY:2,CATEGORY=FEAT,Dodge,Precise Shot	PREMULT:1,[PREVARGTEQ:PreStatScore_DEX,13],[PREVARGTEQ:FeatDexRequirement,13]	PRETOTALAB:4	SOURCEPAGE:p.26
CATEGORY=FEAT|Rapid Shot.MOD	PRE:.CLEAR	PREABILITY:1,CATEGORY=FEAT,Precise Shot	PREMULT:1,[PREVARGTEQ:PreStatScore_DEX,13],[PREVARGTEQ:FeatDexRequirement,13]	SOURCEPAGE:p.24
CATEGORY=FEAT|Manyshot.MOD	PRE:.CLEAR	PREABILITY:2,CATEGORY=FEAT,Precise Shot,Rapid Shot	PREMULT:1,[PREVARGTEQ:PreStatScore_DEX,17],[PREVARGTEQ:FeatDexRequirement,17]	PRETOTALAB:6	SOURCEPAGE:p.22
CATEGORY=FEAT|Shot on the Run.MOD	PRE:.CLEAR	PREABILITY:2,CATEGORY=FEAT,Dodge,Precise Shot	PREMULT:1,[PREVARGTEQ:PreStatScore_DEX,13],[PREVARGTEQ:FeatDexRequirement,13]	PRETOTALAB:4	SOURCEPAGE:p.26
CATEGORY=FEAT|Far Shot.MOD	PRE:.CLEAR	PREABILITY:1,CATEGORY=FEAT,Precise Shot	SOURCEPAGE:p.16
CATEGORY=FEAT|Improved Precise Shot.MOD	PRE:.CLEAR	PREABILITY:1,CATEGORY=FEAT,Precise Shot	PREMULT:1,[PREVARGTEQ:PreStatScore_DEX,19],[PREVARGTEQ:FeatDexRequirement,19]	PRETOTALAB:11		SOURCEPAGE:p.20
CATEGORY=FEAT|Pinpoint Targeting.MOD	PRE:.CLEAR	PREABILITY:2,CATEGORY=FEAT,Improved Precise Shot,Precise Shot	PREMULT:1,[PREVARGTEQ:PreStatScore_DEX,19],[PREVARGTEQ:FeatDexRequirement,19]	PRETOTALAB:16	SOURCEPAGE:p.23

CATEGORY=FEAT|Two-Weapon Rend.MOD	PRE:.CLEAR	PREABILITY:3,CATEGORY=FEAT,Double Slice,Greater Two-Weapon Fighting,Two-Weapon Fighting	PREMULT:1,[PREVARGTEQ:PreStatScore_DEX,17],[PREVARGTEQ:FeatDexRequirement,17]	PRETOTALAB:11	SOURCEPAGE:p.29
CATEGORY=FEAT|Unseat.MOD	PRE:.CLEAR	PREABILITY:2,CATEGORY=FEAT,Mounted Combat,Powerful Maneuvers	PRESKILL:1,Ride=1	PRETOTALAB:1	PREVARGTEQ:PreStatScore_STR,13	SOURCEPAGE:p.29

CATEGORY=FEAT|Medusa's Wrath.MOD	PRE:.CLEAR	PREABILITY:3,CATEGORY=FEAT,Unarmed Combatant,Gorgon's Fist,Scorpion Stance	PRETOTALAB:11	SOURCEPAGE:p.22
CATEGORY=FEAT|Snatch Arrows.MOD	PRE:.CLEAR	PREABILITY:2,CATEGORY=FEAT,Deflect Arrows,Unarmed Combatant	PREMULT:1,[PREVARGTEQ:PreStatScore_DEX,15],[PREVARGTEQ:FeatDexRequirement,15]	SOURCEPAGE:p.27
CATEGORY=FEAT|Stunning Fist.MOD	PRE:.CLEAR	PREABILITY:1,CATEGORY=FEAT,Unarmed Combatant	PREMULT:1,[PRECLASS:1,Monk=1],[PREMULT:2,[PREVARGTEQ:PreStatScore_WIS,13],[PREMULT:1,[PREVARGTEQ:PreStatScore_DEX,13],[PREVARGTEQ:FeatDexRequirement,13]]]	PREMULT:1,[PRECLASS:1,Monk=1],[PRETOTALAB:8]	SOURCEPAGE:p.27
CATEGORY=FEAT|Deflect Arrows.MOD	PRE:.CLEAR	PREABILITY:1,CATEGORY=FEAT,Unarmed Combatant,Shield Focus	PREMULT:1,[PREVARGTEQ:PreStatScore_DEX,13],[PREVARGTEQ:FeatDexRequirement,13]	SOURCEPAGE:p.13	BENEFIT:Once per round when you would normally be hit with an attack from a ranged weapon, you may deflect it so that you take no damage from it. You must be aware of the attack and not flat-footed. Attempting to deflect a ranged attack doesn’t count as an action. Unusually massive ranged weapons (such as boulders or ballista bolts) and ranged attacks generated by natural attacks or spell effects can’t be deflected. You must have at least one hand free and holding nothing (Unarmed Combatant) or a shield in one of your hands (Shield Focus) to use this feat. 
CATEGORY=FEAT|Gorgon's Fist.MOD	PRE:.CLEAR	PREABILITY:2,CATEGORY=FEAT,Unarmed Combatant, Scorpion Stance	PRETOTALAB:6	SOURCEPAGE:p.16

# Remove
CATEGORY=FEAT|Agile Maneuvers.FORGET
CATEGORY=FEAT|Combat Expertise.FORGET
CATEGORY=FEAT|Deadly Aim.FORGET
#CATEGORY=FEAT|Exotic Weapon Proficiency.FORGET
CATEGORY=FEAT|Improved Bull Rush.FORGET
CATEGORY=FEAT|Improved Disarm.FORGET
CATEGORY=FEAT|Improved Drag.FORGET
CATEGORY=FEAT|Improved Feint.FORGET
CATEGORY=FEAT|Improved Grapple.FORGET
CATEGORY=FEAT|Improved Overrun.FORGET
CATEGORY=FEAT|Improved Sunder.FORGET
CATEGORY=FEAT|Improved Trip.FORGET
CATEGORY=FEAT|Improved Two-Weapon Fighting.FORGET
CATEGORY=FEAT|Improved Unarmed Strike.FORGET
#CATEGORY=FEAT|Martial Weapon Proficiency.FORGET
CATEGORY=FEAT|Mobility.FORGET
CATEGORY=FEAT|Power Attack.FORGET
CATEGORY=FEAT|Scorpion Style.FORGET
CATEGORY=FEAT|Stand Still.FORGET
CATEGORY=FEAT|Throw Anything.FORGET
CATEGORY=FEAT|Weapon Finesse.FORGET

CATEGORY=FEAT|Catch Off-Guard.MOD	PRE:.CLEAR	PREABILITY:1,CATEGORY=FEAT,Unarmed Combatant	PREMULT:1,[PREVARGTEQ:PreStatScore_DEX,13],[PREVARGTEQ:FeatDexRequirement,13]	SOURCEPAGE:p.12

Weapon Proficiency (Axes)	CATEGORY:FEAT	TYPE:Combat	AUTO:WEAPONPROF|TYPE.Weapon Group Axes	DESC:You understand how to use all weapons from the Axes group.	SOURCEPAGE:p.29	BENEFIT:You make attack rolls with weapons from the Axes group normally (without the non-proficient penalty).
Weapon Focus (Axes)	CATEGORY:FEAT	TYPE:Combat	PREWEAPONPROF:1,TYPE.Weapon Group Axes	PRETOTALAB:1	DESC:You are especially good at using Axes.	SOURCEPAGE:p.29	BONUS:WEAPONPROF=TYPE.Weapon Group Axes|TOHIT|1	BENEFIT:You gain a +1 bonus on all attack rolls you make using any weapon from the Axes group.

Weapon Proficiency (Blades/Heavy)	CATEGORY:FEAT	TYPE:Combat	AUTO:WEAPONPROF|TYPE.Weapon Group Blades Heavy	DESC:You understand how to use all weapons from the Heavy Blades group.	SOURCEPAGE:p.29	BENEFIT:You make attack rolls with weapons from the Heavy Blades group normally (without the non-proficient penalty).
Weapon Focus (Blades/Heavy)	CATEGORY:FEAT	TYPE:Combat	PRETOTALAB:1	PREWEAPONPROF:1,TYPE.Weapon Group Blades Heavy	DESC:You are especially good at using Heavy Blades.	SOURCEPAGE:p.29	BONUS:WEAPONPROF=TYPE.Weapon Group Blades Heavy|TOHIT|1	BENEFIT:You gain a +1 bonus on all attack rolls you make using any weapon from the Heavy Blades group.

Weapon Proficiency (Blades/Light)	CATEGORY:FEAT	TYPE:Combat	AUTO:WEAPONPROF|TYPE.Weapon Group Blades Light	DESC:You understand how to use all weapons from the Light Blades group.	SOURCEPAGE:p.29	BENEFIT:You make attack rolls with weapons from the Light Blades group normally (without the non-proficient penalty).
Weapon Focus (Blades/Light)	CATEGORY:FEAT	TYPE:Combat	PRETOTALAB:1	PREWEAPONPROF:1,TYPE.Weapon Group Blades Light	DESC:You are especially good at using Light Blades.	SOURCEPAGE:p.29	BONUS:WEAPONPROF=TYPE.Weapon Group Blades Light|TOHIT|1	BENEFIT:You gain a +1 bonus on all attack rolls you make using any weapon from the Light Blades group.

Weapon Proficiency (Bows)	CATEGORY:FEAT	TYPE:Combat	AUTO:WEAPONPROF|TYPE.Weapon Group Bows	DESC:You understand how to use all weapons from the Bows group.	SOURCEPAGE:p.29	BENEFIT:You make attack rolls with weapons from the Bows group normally (without the non-proficient penalty).
Weapon Focus (Bows)	CATEGORY:FEAT	TYPE:Combat	PRETOTALAB:1	PREWEAPONPROF:1,TYPE.Weapon Group Bows	DESC:You are especially good at using Bows.	SOURCEPAGE:p.29	BONUS:WEAPONPROF=TYPE.Weapon Group Bows|TOHIT|1	BENEFIT:You gain a +1 bonus on all attack rolls you make using any weapon from the Bows group.

Weapon Proficiency (Close)	CATEGORY:FEAT	TYPE:Combat	AUTO:WEAPONPROF|TYPE.Weapon Group Close	DESC:You understand how to use all weapons from the Close group.	SOURCEPAGE:p.29	BENEFIT:You make attack rolls with weapons from the Close group normally (without the non-proficient penalty).
Weapon Focus (Close)	CATEGORY:FEAT	TYPE:Combat	PRETOTALAB:1	PREWEAPONPROF:1,TYPE.Weapon Group Close	DESC:You are especially good at using Close.	SOURCEPAGE:p.29	BONUS:WEAPONPROF=TYPE.Weapon Group Close|TOHIT|1	BONUS:WEAPONPROF=TYPE.Weapon Group Bows|TOHIT|1	BENEFIT:You gain a +1 bonus on all attack rolls you make using any weapon from the Close group.

Weapon Proficiency (Crossbows)	CATEGORY:FEAT	TYPE:Combat	AUTO:WEAPONPROF|TYPE.Weapon Group Crossbows	DESC:You understand how to use all weapons from the Crossbows group.	SOURCEPAGE:p.29	BENEFIT:You make attack rolls with weapons from the Crossbows group normally (without the non-proficient penalty).
Weapon Focus (Crossbows)	CATEGORY:FEAT	TYPE:Combat	PRETOTALAB:1	PREWEAPONPROF:1,TYPE.Weapon Group Crossbows	DESC:You are especially good at using Crossbows.	SOURCEPAGE:p.29	BONUS:WEAPONPROF=TYPE.Weapon Group Crossbows|TOHIT|1	BENEFIT:You gain a +1 bonus on all attack rolls you make using any weapon from the Crossbows group.

Weapon Proficiency (Double)	CATEGORY:FEAT	TYPE:Combat	AUTO:WEAPONPROF|TYPE.Weapon Group Double	DESC:You understand how to use all weapons from the Double group.	SOURCEPAGE:p.29	BENEFIT:You make attack rolls with weapons from the Double group normally (without the non-proficient penalty).
Weapon Focus (Double)	CATEGORY:FEAT	TYPE:Combat	PREWEAPONPROF:1,TYPE.Weapon Group Double	PRETOTALAB:1	DESC:You are especially good at using Double.	SOURCEPAGE:p.29	BONUS:WEAPONPROF=TYPE.Weapon Group Double|TOHIT|1	BENEFIT:You gain a +1 bonus on all attack rolls you make using any weapon from the Double group.

Weapon Proficiency (Flails)	CATEGORY:FEAT	TYPE:Combat	AUTO:WEAPONPROF|TYPE.Weapon Group Flails	DESC:You understand how to use all weapons from the Flails group.	SOURCEPAGE:p.29	BENEFIT:You make attack rolls with weapons from the Flails group normally (without the non-proficient penalty).
Weapon Focus (Flails)	CATEGORY:FEAT	TYPE:Combat	PREWEAPONPROF:1,TYPE.Weapon Group Flails	PRETOTALAB:1	DESC:You are especially good at using Flails.	SOURCEPAGE:p.29	BONUS:WEAPONPROF=TYPE.Weapon Group Flails|TOHIT|1	BENEFIT:You gain a +1 bonus on all attack rolls you make using any weapon from the Flails group.

Weapon Proficiency (Hammers)	CATEGORY:FEAT	TYPE:Combat	AUTO:WEAPONPROF|TYPE.Weapon Group Hammers	DESC:You understand how to use all weapons from the Hammers group.	SOURCEPAGE:p.29	BENEFIT:You make attack rolls with weapons from the Hammers group normally (without the non-proficient penalty).
Weapon Focus (Hammers)	CATEGORY:FEAT	TYPE:Combat	PREWEAPONPROF:1,TYPE.Weapon Group Hammers	PRETOTALAB:1	DESC:You are especially good at using Hammers.	SOURCEPAGE:p.29	BONUS:WEAPONPROF=TYPE.Weapon Group Hammers|TOHIT|1	BENEFIT:You gain a +1 bonus on all attack rolls you make using any weapon from the Hammers group.

Weapon Proficiency (Monk)	CATEGORY:FEAT	TYPE:Combat	AUTO:WEAPONPROF|TYPE.Weapon Group Monk	DESC:You understand how to use all weapons from the Monk group.	SOURCEPAGE:p.29	BENEFIT:You make attack rolls with weapons from the Monk group normally (without the non-proficient penalty).
Weapon Focus (Monk)	CATEGORY:FEAT	TYPE:Combat	PREWEAPONPROF:1,TYPE.Weapon Group Monk	PRETOTALAB:1	DESC:You are especially good at using Monk.	SOURCEPAGE:p.29	BONUS:WEAPONPROF=TYPE.Weapon Group Monk|TOHIT|1	BENEFIT:You gain a +1 bonus on all attack rolls you make using any weapon from the Monk group.

Weapon Proficiency (Natural)	CATEGORY:FEAT	TYPE:Combat	AUTO:WEAPONPROF|TYPE.Weapon Group Natural	DESC:You understand how to use all weapons from the Natural group.	SOURCEPAGE:p.29	BENEFIT:You make attack rolls with weapons from the Natural group normally (without the non-proficient penalty).
Weapon Focus (Natural)	CATEGORY:FEAT	TYPE:Combat	PREWEAPONPROF:1,TYPE.Weapon Group Natural	PRETOTALAB:1	DESC:You are especially good at using Natural.	SOURCEPAGE:p.29	BONUS:WEAPONPROF=TYPE.Weapon Group Natural|TOHIT|1	BENEFIT:You gain a +1 bonus on all attack rolls you make using any weapon from the Natural group.

Weapon Proficiency (Pole Arms)	CATEGORY:FEAT	TYPE:Combat	AUTO:WEAPONPROF|TYPE.Weapon Group Pole Arms	DESC:You understand how to use all weapons from the Pole Arms group.	SOURCEPAGE:p.29	BENEFIT:You make attack rolls with weapons from the Pole Arms group normally (without the non-proficient penalty).
Weapon Focus (Pole Arms)	CATEGORY:FEAT	TYPE:Combat	PREWEAPONPROF:1,TYPE.Weapon Group Pole Arms	PRETOTALAB:1	DESC:You are especially good at using Pole Arms.	SOURCEPAGE:p.29	BONUS:WEAPONPROF=TYPE.Weapon Group Pole Arms|TOHIT|1	BENEFIT:You gain a +1 bonus on all attack rolls you make using any weapon from the Pole Arms group.

Weapon Proficiency (Spears)	CATEGORY:FEAT	TYPE:Combat	AUTO:WEAPONPROF|TYPE.Weapon Group Spears	DESC:You understand how to use all weapons from the Spears group.	SOURCEPAGE:p.29	BENEFIT:You make attack rolls with weapons from the Spears group normally (without the non-proficient penalty).
Weapon Focus (Spears)	CATEGORY:FEAT	TYPE:Combat	PREWEAPONPROF:1,TYPE.Weapon Group Spears	PRETOTALAB:1	DESC:You are especially good at using Spears.	SOURCEPAGE:p.29	BONUS:WEAPONPROF=TYPE.Weapon Group Spears|TOHIT|1	BENEFIT:You gain a +1 bonus on all attack rolls you make using any weapon from the Spears group.

Weapon Proficiency (Thrown)	CATEGORY:FEAT	TYPE:Combat	AUTO:WEAPONPROF|TYPE.Weapon Group Thrown	DESC:You understand how to use all weapons from the Thrown group.	SOURCEPAGE:p.29	BENEFIT:You make attack rolls with weapons from the Thrown group normally (without the non-proficient penalty).
Weapon Focus (Thrown)	CATEGORY:FEAT	TYPE:Combat	PREWEAPONPROF:1,TYPE.Weapon Group Thrown	PRETOTALAB:1	DESC:You are especially good at using Thrown.	SOURCEPAGE:p.29	BONUS:WEAPONPROF=TYPE.Weapon Group Thrown|TOHIT|1	BENEFIT:You gain a +1 bonus on all attack rolls you make using any weapon from the Thrown group.
